
============================================================
ZSTD-to-standard conversion started: 2026/09/28 20:45:57,05
System: SNK Neo Geo CD
============================================================
[STD CONVERT] Type=CD Input="E:\Github Projects\Unofficial_RA_DATs\CHD Converter\SNK Neo Geo CD\ADK World (Japan).chd" Backup="E:\Github Projects\Unofficial_RA_DATs\CHD Converter\SNK Neo Geo CD\ADK World (Japan).backup_8019.chd"
[STD OK] "E:\Github Projects\Unofficial_RA_DATs\CHD Converter\SNK Neo Geo CD\ADK World (Japan).chd" Backup="E:\Github Projects\Unofficial_RA_DATs\CHD Converter\SNK Neo Geo CD\ADK World (Japan).backup_8019.chd"
[STD CONVERT] Type=CD Input="E:\Github Projects\Unofficial_RA_DATs\CHD Converter\SNK Neo Geo CD\Bang^2 Busters (France) (En,Ja) (Unl).chd" Backup="E:\Github Projects\Unofficial_RA_DATs\CHD Converter\SNK Neo Geo CD\Bang^2 Busters (France) (En,Ja) (Unl).backup_30617.chd"
[STD OK] "E:\Github Projects\Unofficial_RA_DATs\CHD Converter\SNK Neo Geo CD\Bang^2 Busters (France) (En,Ja) (Unl).chd" Backup="E:\Github Projects\Unofficial_RA_DATs\CHD Converter\SNK Neo Geo CD\Bang^2 Busters (France) (En,Ja) (Unl).backup_30617.chd"
[STD CONVERT] Type=CD Input="E:\Github Projects\Unofficial_RA_DATs\CHD Converter\SNK Neo Geo CD\Big Tournament Golf ~ Neo Turf Masters (Japan) (En,Ja).chd" Backup="E:\Github Projects\Unofficial_RA_DATs\CHD Converter\SNK Neo Geo CD\Big Tournament Golf ~ Neo Turf Masters (Japan) (En,Ja).backup_7143.chd"
[STD OK] "E:\Github Projects\Unofficial_RA_DATs\CHD Converter\SNK Neo Geo CD\Big Tournament Golf ~ Neo Turf Masters (Japan) (En,Ja).chd" Backup="E:\Github Projects\Unofficial_RA_DATs\CHD Converter\SNK Neo Geo CD\Big Tournament Golf ~ Neo Turf Masters (Japan) (En,Ja).backup_7143.chd"
[STD CONVERT] Type=CD Input="E:\Github Projects\Unofficial_RA_DATs\CHD Converter\SNK Neo Geo CD\Breakers (Japan) (En,Ja).chd" Backup="E:\Github Projects\Unofficial_RA_DATs\CHD Converter\SNK Neo Geo CD\Breakers (Japan) (En,Ja).backup_5269.chd"
[STD OK] "E:\Github Projects\Unofficial_RA_DATs\CHD Converter\SNK Neo Geo CD\Breakers (Japan) (En,Ja).chd" Backup="E:\Github Projects\Unofficial_RA_DATs\CHD Converter\SNK Neo Geo CD\Breakers (Japan) (En,Ja).backup_5269.chd"
[STD CONVERT] Type=CD Input="E:\Github Projects\Unofficial_RA_DATs\CHD Converter\SNK Neo Geo CD\Choutetsu Brikin'ger ~ Ironclad - Tesshou Rusha (Japan) (En,Ja).chd" Backup="E:\Github Projects\Unofficial_RA_DATs\CHD Converter\SNK Neo Geo CD\Choutetsu Brikin'ger ~ Ironclad - Tesshou Rusha (Japan) (En,Ja).backup_23385.chd"
[STD OK] "E:\Github Projects\Unofficial_RA_DATs\CHD Converter\SNK Neo Geo CD\Choutetsu Brikin'ger ~ Ironclad - Tesshou Rusha (Japan) (En,Ja).chd" Backup="E:\Github Projects\Unofficial_RA_DATs\CHD Converter\SNK Neo Geo CD\Choutetsu Brikin'ger ~ Ironclad - Tesshou Rusha (Japan) (En,Ja).backup_23385.chd"
[STD CONVERT] Type=CD Input="E:\Github Projects\Unofficial_RA_DATs\CHD Converter\SNK Neo Geo CD\Crossed Swords (Japan).chd" Backup="E:\Github Projects\Unofficial_RA_DATs\CHD Converter\SNK Neo Geo CD\Crossed Swords (Japan).backup_4981.chd"
[STD OK] "E:\Github Projects\Unofficial_RA_DATs\CHD Converter\SNK Neo Geo CD\Crossed Swords (Japan).chd" Backup="E:\Github Projects\Unofficial_RA_DATs\CHD Converter\SNK Neo Geo CD\Crossed Swords (Japan).backup_4981.chd"
[STD CONVERT] Type=CD Input="E:\Github Projects\Unofficial_RA_DATs\CHD Converter\SNK Neo Geo CD\Crossed Swords II (Japan) (En,Ja).chd" Backup="E:\Github Projects\Unofficial_RA_DATs\CHD Converter\SNK Neo Geo CD\Crossed Swords II (Japan) (En,Ja).backup_17947.chd"
[STD OK] "E:\Github Projects\Unofficial_RA_DATs\CHD Converter\SNK Neo Geo CD\Crossed Swords II (Japan) (En,Ja).chd" Backup="E:\Github Projects\Unofficial_RA_DATs\CHD Converter\SNK Neo Geo CD\Crossed Swords II (Japan) (En,Ja).backup_17947.chd"
[STD CONVERT] Type=CD Input="E:\Github Projects\Unofficial_RA_DATs\CHD Converter\SNK Neo Geo CD\Double Dragon (Japan) (En,Ja) (Rev 1).chd" Backup="E:\Github Projects\Unofficial_RA_DATs\CHD Converter\SNK Neo Geo CD\Double Dragon (Japan) (En,Ja) (Rev 1).backup_25214.chd"
[STD OK] "E:\Github Projects\Unofficial_RA_DATs\CHD Converter\SNK Neo Geo CD\Double Dragon (Japan) (En,Ja) (Rev 1).chd" Backup="E:\Github Projects\Unofficial_RA_DATs\CHD Converter\SNK Neo Geo CD\Double Dragon (Japan) (En,Ja) (Rev 1).backup_25214.chd"
[STD CONVERT] Type=CD Input="E:\Github Projects\Unofficial_RA_DATs\CHD Converter\SNK Neo Geo CD\Dunk Dream Street Hoop (Japan, USA).chd" Backup="E:\Github Projects\Unofficial_RA_DATs\CHD Converter\SNK Neo Geo CD\Dunk Dream Street Hoop (Japan, USA).backup_13361.chd"
[STD OK] "E:\Github Projects\Unofficial_RA_DATs\CHD Converter\SNK Neo Geo CD\Dunk Dream Street Hoop (Japan, USA).chd" Backup="E:\Github Projects\Unofficial_RA_DATs\CHD Converter\SNK Neo Geo CD\Dunk Dream Street Hoop (Japan, USA).backup_13361.chd"
[STD CONVERT] Type=CD Input="E:\Github Projects\Unofficial_RA_DATs\CHD Converter\SNK Neo Geo CD\Far East of Eden - Tengai Makyou Shinden ~ Far East of Eden - Kabuki Klash (Japan) (En,Ja).chd" Backup="E:\Github Projects\Unofficial_RA_DATs\CHD Converter\SNK Neo Geo CD\Far East of Eden - Tengai Makyou Shinden ~ Far East of Eden - Kabuki Klash (Japan) (En,Ja).backup_19531.chd"
[STD OK] "E:\Github Projects\Unofficial_RA_DATs\CHD Converter\SNK Neo Geo CD\Far East of Eden - Tengai Makyou Shinden ~ Far East of Eden - Kabuki Klash (Japan) (En,Ja).chd" Backup="E:\Github Projects\Unofficial_RA_DATs\CHD Converter\SNK Neo Geo CD\Far East of Eden - Tengai Makyou Shinden ~ Far East of Eden - Kabuki Klash (Japan) (En,Ja).backup_19531.chd"
[STD CONVERT] Type=CD Input="E:\Github Projects\Unofficial_RA_DATs\CHD Converter\SNK Neo Geo CD\Flying Power Disc ~ Windjammers (Japan) (En,Ja).chd" Backup="E:\Github Projects\Unofficial_RA_DATs\CHD Converter\SNK Neo Geo CD\Flying Power Disc ~ Windjammers (Japan) (En,Ja).backup_30688.chd"
[STD OK] "E:\Github Projects\Unofficial_RA_DATs\CHD Converter\SNK Neo Geo CD\Flying Power Disc ~ Windjammers (Japan) (En,Ja).chd" Backup="E:\Github Projects\Unofficial_RA_DATs\CHD Converter\SNK Neo Geo CD\Flying Power Disc ~ Windjammers (Japan) (En,Ja).backup_30688.chd"
[STD CONVERT] Type=CD Input="E:\Github Projects\Unofficial_RA_DATs\CHD Converter\SNK Neo Geo CD\Futsal - 5 on 5 Mini Soccer ~ PleasureGoal - 5 on 5 Mini Soccer (Japan) (En,Ja).chd" Backup="E:\Github Projects\Unofficial_RA_DATs\CHD Converter\SNK Neo Geo CD\Futsal - 5 on 5 Mini Soccer ~ PleasureGoal - 5 on 5 Mini Soccer (Japan) (En,Ja).backup_821.chd"
[STD OK] "E:\Github Projects\Unofficial_RA_DATs\CHD Converter\SNK Neo Geo CD\Futsal - 5 on 5 Mini Soccer ~ PleasureGoal - 5 on 5 Mini Soccer (Japan) (En,Ja).chd" Backup="E:\Github Projects\Unofficial_RA_DATs\CHD Converter\SNK Neo Geo CD\Futsal - 5 on 5 Mini Soccer ~ PleasureGoal - 5 on 5 Mini Soccer (Japan) (En,Ja).backup_821.chd"
[STD CONVERT] Type=CD Input="E:\Github Projects\Unofficial_RA_DATs\CHD Converter\SNK Neo Geo CD\Fuuun Mokushiroku - Kakutou Sousei ~ Savage Reign (Export) (En,Ja,Es,Pt) (Rev 1).chd" Backup="E:\Github Projects\Unofficial_RA_DATs\CHD Converter\SNK Neo Geo CD\Fuuun Mokushiroku - Kakutou Sousei ~ Savage Reign (Export) (En,Ja,Es,Pt) (Rev 1).backup_7446.chd"
[STD OK] "E:\Github Projects\Unofficial_RA_DATs\CHD Converter\SNK Neo Geo CD\Fuuun Mokushiroku - Kakutou Sousei ~ Savage Reign (Export) (En,Ja,Es,Pt) (Rev 1).chd" Backup="E:\Github Projects\Unofficial_RA_DATs\CHD Converter\SNK Neo Geo CD\Fuuun Mokushiroku - Kakutou Sousei ~ Savage Reign (Export) (En,Ja,Es,Pt) (Rev 1).backup_7446.chd"
[STD CONVERT] Type=CD Input="E:\Github Projects\Unofficial_RA_DATs\CHD Converter\SNK Neo Geo CD\Fuuun Mokushiroku - Kakutou Sousei ~ Savage Reign (World) (En,Ja,Es,Pt).chd" Backup="E:\Github Projects\Unofficial_RA_DATs\CHD Converter\SNK Neo Geo CD\Fuuun Mokushiroku - Kakutou Sousei ~ Savage Reign (World) (En,Ja,Es,Pt).backup_11648.chd"
[STD OK] "E:\Github Projects\Unofficial_RA_DATs\CHD Converter\SNK Neo Geo CD\Fuuun Mokushiroku - Kakutou Sousei ~ Savage Reign (World) (En,Ja,Es,Pt).chd" Backup="E:\Github Projects\Unofficial_RA_DATs\CHD Converter\SNK Neo Geo CD\Fuuun Mokushiroku - Kakutou Sousei ~ Savage Reign (World) (En,Ja,Es,Pt).backup_11648.chd"
[STD CONVERT] Type=CD Input="E:\Github Projects\Unofficial_RA_DATs\CHD Converter\SNK Neo Geo CD\Galaxy Fight - Universal Warriors (Japan) (En,Ja,Es).chd" Backup="E:\Github Projects\Unofficial_RA_DATs\CHD Converter\SNK Neo Geo CD\Galaxy Fight - Universal Warriors (Japan) (En,Ja,Es).backup_27191.chd"
[STD OK] "E:\Github Projects\Unofficial_RA_DATs\CHD Converter\SNK Neo Geo CD\Galaxy Fight - Universal Warriors (Japan) (En,Ja,Es).chd" Backup="E:\Github Projects\Unofficial_RA_DATs\CHD Converter\SNK Neo Geo CD\Galaxy Fight - Universal Warriors (Japan) (En,Ja,Es).backup_27191.chd"
[STD CONVERT] Type=CD Input="E:\Github Projects\Unofficial_RA_DATs\CHD Converter\SNK Neo Geo CD\Garou Densetsu - Shukumei no Tatakai ~ Fatal Fury - King of Fighters (Japan) (En,Ja).chd" Backup="E:\Github Projects\Unofficial_RA_DATs\CHD Converter\SNK Neo Geo CD\Garou Densetsu - Shukumei no Tatakai ~ Fatal Fury - King of Fighters (Japan) (En,Ja).backup_3810.chd"
[STD OK] "E:\Github Projects\Unofficial_RA_DATs\CHD Converter\SNK Neo Geo CD\Garou Densetsu - Shukumei no Tatakai ~ Fatal Fury - King of Fighters (Japan) (En,Ja).chd" Backup="E:\Github Projects\Unofficial_RA_DATs\CHD Converter\SNK Neo Geo CD\Garou Densetsu - Shukumei no Tatakai ~ Fatal Fury - King of Fighters (Japan) (En,Ja).backup_3810.chd"
[STD CONVERT] Type=CD Input="E:\Github Projects\Unofficial_RA_DATs\CHD Converter\SNK Neo Geo CD\King of Fighters '94, The (Japan, USA) (En,Ja) (Rev 1).chd" Backup="E:\Github Projects\Unofficial_RA_DATs\CHD Converter\SNK Neo Geo CD\King of Fighters '94, The (Japan, USA) (En,Ja) (Rev 1).backup_11589.chd"
[STD OK] "E:\Github Projects\Unofficial_RA_DATs\CHD Converter\SNK Neo Geo CD\King of Fighters '94, The (Japan, USA) (En,Ja) (Rev 1).chd" Backup="E:\Github Projects\Unofficial_RA_DATs\CHD Converter\SNK Neo Geo CD\King of Fighters '94, The (Japan, USA) (En,Ja) (Rev 1).backup_11589.chd"
[STD CONVERT] Type=CD Input="E:\Github Projects\Unofficial_RA_DATs\CHD Converter\SNK Neo Geo CD\King of Fighters '97, The (Japan) (En,Ja).chd" Backup="E:\Github Projects\Unofficial_RA_DATs\CHD Converter\SNK Neo Geo CD\King of Fighters '97, The (Japan) (En,Ja).backup_5411.chd"
[STD OK] "E:\Github Projects\Unofficial_RA_DATs\CHD Converter\SNK Neo Geo CD\King of Fighters '97, The (Japan) (En,Ja).chd" Backup="E:\Github Projects\Unofficial_RA_DATs\CHD Converter\SNK Neo Geo CD\King of Fighters '97, The (Japan) (En,Ja).backup_5411.chd"
[STD CONVERT] Type=CD Input="E:\Github Projects\Unofficial_RA_DATs\CHD Converter\SNK Neo Geo CD\Last Hope (Germany) (Unl).chd" Backup="E:\Github Projects\Unofficial_RA_DATs\CHD Converter\SNK Neo Geo CD\Last Hope (Germany) (Unl).backup_14456.chd"
[STD OK] "E:\Github Projects\Unofficial_RA_DATs\CHD Converter\SNK Neo Geo CD\Last Hope (Germany) (Unl).chd" Backup="E:\Github Projects\Unofficial_RA_DATs\CHD Converter\SNK Neo Geo CD\Last Hope (Germany) (Unl).backup_14456.chd"
[STD CONVERT] Type=CD Input="E:\Github Projects\Unofficial_RA_DATs\CHD Converter\SNK Neo Geo CD\League Bowling (Japan) (En,Ja).chd" Backup="E:\Github Projects\Unofficial_RA_DATs\CHD Converter\SNK Neo Geo CD\League Bowling (Japan) (En,Ja).backup_18664.chd"
[STD OK] "E:\Github Projects\Unofficial_RA_DATs\CHD Converter\SNK Neo Geo CD\League Bowling (Japan) (En,Ja).chd" Backup="E:\Github Projects\Unofficial_RA_DATs\CHD Converter\SNK Neo Geo CD\League Bowling (Japan) (En,Ja).backup_18664.chd"
[STD CONVERT] Type=CD Input="E:\Github Projects\Unofficial_RA_DATs\CHD Converter\SNK Neo Geo CD\Magical Drop 2 (Japan) (En,Ja).chd" Backup="E:\Github Projects\Unofficial_RA_DATs\CHD Converter\SNK Neo Geo CD\Magical Drop 2 (Japan) (En,Ja).backup_13243.chd"
[STD OK] "E:\Github Projects\Unofficial_RA_DATs\CHD Converter\SNK Neo Geo CD\Magical Drop 2 (Japan) (En,Ja).chd" Backup="E:\Github Projects\Unofficial_RA_DATs\CHD Converter\SNK Neo Geo CD\Magical Drop 2 (Japan) (En,Ja).backup_13243.chd"
[STD CONVERT] Type=CD Input="E:\Github Projects\Unofficial_RA_DATs\CHD Converter\SNK Neo Geo CD\Magician Lord (Japan) (En,Ja).chd" Backup="E:\Github Projects\Unofficial_RA_DATs\CHD Converter\SNK Neo Geo CD\Magician Lord (Japan) (En,Ja).backup_16608.chd"
[STD OK] "E:\Github Projects\Unofficial_RA_DATs\CHD Converter\SNK Neo Geo CD\Magician Lord (Japan) (En,Ja).chd" Backup="E:\Github Projects\Unofficial_RA_DATs\CHD Converter\SNK Neo Geo CD\Magician Lord (Japan) (En,Ja).backup_16608.chd"
[STD CONVERT] Type=CD Input="E:\Github Projects\Unofficial_RA_DATs\CHD Converter\SNK Neo Geo CD\Metal Slug (Japan) (En,Ja).chd" Backup="E:\Github Projects\Unofficial_RA_DATs\CHD Converter\SNK Neo Geo CD\Metal Slug (Japan) (En,Ja).backup_9397.chd"
[STD OK] "E:\Github Projects\Unofficial_RA_DATs\CHD Converter\SNK Neo Geo CD\Metal Slug (Japan) (En,Ja).chd" Backup="E:\Github Projects\Unofficial_RA_DATs\CHD Converter\SNK Neo Geo CD\Metal Slug (Japan) (En,Ja).backup_9397.chd"
[STD CONVERT] Type=CD Input="E:\Github Projects\Unofficial_RA_DATs\CHD Converter\SNK Neo Geo CD\Metal Slug 2 (Japan, USA) (En,Ja).chd" Backup="E:\Github Projects\Unofficial_RA_DATs\CHD Converter\SNK Neo Geo CD\Metal Slug 2 (Japan, USA) (En,Ja).backup_1271.chd"
[STD OK] "E:\Github Projects\Unofficial_RA_DATs\CHD Converter\SNK Neo Geo CD\Metal Slug 2 (Japan, USA) (En,Ja).chd" Backup="E:\Github Projects\Unofficial_RA_DATs\CHD Converter\SNK Neo Geo CD\Metal Slug 2 (Japan, USA) (En,Ja).backup_1271.chd"
[STD CONVERT] Type=CD Input="E:\Github Projects\Unofficial_RA_DATs\CHD Converter\SNK Neo Geo CD\Metal Slug 2 (World) (En,Ja) (Slowdown Reduction Patch) (v1.0) (system11, SmokeMonster).chd" Backup="E:\Github Projects\Unofficial_RA_DATs\CHD Converter\SNK Neo Geo CD\Metal Slug 2 (World) (En,Ja) (Slowdown Reduction Patch) (v1.0) (system11, SmokeMonster).backup_21820.chd"
[STD OK] "E:\Github Projects\Unofficial_RA_DATs\CHD Converter\SNK Neo Geo CD\Metal Slug 2 (World) (En,Ja) (Slowdown Reduction Patch) (v1.0) (system11, SmokeMonster).chd" Backup="E:\Github Projects\Unofficial_RA_DATs\CHD Converter\SNK Neo Geo CD\Metal Slug 2 (World) (En,Ja) (Slowdown Reduction Patch) (v1.0) (system11, SmokeMonster).backup_21820.chd"
[STD CONVERT] Type=CD Input="E:\Github Projects\Unofficial_RA_DATs\CHD Converter\SNK Neo Geo CD\Mutation Nation (Japan) (En,Ja).chd" Backup="E:\Github Projects\Unofficial_RA_DATs\CHD Converter\SNK Neo Geo CD\Mutation Nation (Japan) (En,Ja).backup_8244.chd"
[STD OK] "E:\Github Projects\Unofficial_RA_DATs\CHD Converter\SNK Neo Geo CD\Mutation Nation (Japan) (En,Ja).chd" Backup="E:\Github Projects\Unofficial_RA_DATs\CHD Converter\SNK Neo Geo CD\Mutation Nation (Japan) (En,Ja).backup_8244.chd"
[STD CONVERT] Type=CD Input="E:\Github Projects\Unofficial_RA_DATs\CHD Converter\SNK Neo Geo CD\Nam-1975 (Japan) (En,Ja).chd" Backup="E:\Github Projects\Unofficial_RA_DATs\CHD Converter\SNK Neo Geo CD\Nam-1975 (Japan) (En,Ja).backup_8292.chd"
[STD OK] "E:\Github Projects\Unofficial_RA_DATs\CHD Converter\SNK Neo Geo CD\Nam-1975 (Japan) (En,Ja).chd" Backup="E:\Github Projects\Unofficial_RA_DATs\CHD Converter\SNK Neo Geo CD\Nam-1975 (Japan) (En,Ja).backup_8292.chd"
[STD CONVERT] Type=CD Input="E:\Github Projects\Unofficial_RA_DATs\CHD Converter\SNK Neo Geo CD\Neo Drift Out - New Technology (Japan).chd" Backup="E:\Github Projects\Unofficial_RA_DATs\CHD Converter\SNK Neo Geo CD\Neo Drift Out - New Technology (Japan).backup_17255.chd"
[STD OK] "E:\Github Projects\Unofficial_RA_DATs\CHD Converter\SNK Neo Geo CD\Neo Drift Out - New Technology (Japan).chd" Backup="E:\Github Projects\Unofficial_RA_DATs\CHD Converter\SNK Neo Geo CD\Neo Drift Out - New Technology (Japan).backup_17255.chd"
[STD CONVERT] Type=CD Input="E:\Github Projects\Unofficial_RA_DATs\CHD Converter\SNK Neo Geo CD\Next Thing, The - King of the Monsters 2 (World) (En,Ja).chd" Backup="E:\Github Projects\Unofficial_RA_DATs\CHD Converter\SNK Neo Geo CD\Next Thing, The - King of the Monsters 2 (World) (En,Ja).backup_14485.chd"
[STD OK] "E:\Github Projects\Unofficial_RA_DATs\CHD Converter\SNK Neo Geo CD\Next Thing, The - King of the Monsters 2 (World) (En,Ja).chd" Backup="E:\Github Projects\Unofficial_RA_DATs\CHD Converter\SNK Neo Geo CD\Next Thing, The - King of the Monsters 2 (World) (En,Ja).backup_14485.chd"
[STD CONVERT] Type=CD Input="E:\Github Projects\Unofficial_RA_DATs\CHD Converter\SNK Neo Geo CD\OverTop (Japan) (En,Ja).chd" Backup="E:\Github Projects\Unofficial_RA_DATs\CHD Converter\SNK Neo Geo CD\OverTop (Japan) (En,Ja).backup_8161.chd"
[STD OK] "E:\Github Projects\Unofficial_RA_DATs\CHD Converter\SNK Neo Geo CD\OverTop (Japan) (En,Ja).chd" Backup="E:\Github Projects\Unofficial_RA_DATs\CHD Converter\SNK Neo Geo CD\OverTop (Japan) (En,Ja).backup_8161.chd"
[STD CONVERT] Type=CD Input="E:\Github Projects\Unofficial_RA_DATs\CHD Converter\SNK Neo Geo CD\Pulstar (Japan).chd" Backup="E:\Github Projects\Unofficial_RA_DATs\CHD Converter\SNK Neo Geo CD\Pulstar (Japan).backup_15678.chd"
[STD OK] "E:\Github Projects\Unofficial_RA_DATs\CHD Converter\SNK Neo Geo CD\Pulstar (Japan).chd" Backup="E:\Github Projects\Unofficial_RA_DATs\CHD Converter\SNK Neo Geo CD\Pulstar (Japan).backup_15678.chd"
[STD CONVERT] Type=CD Input="E:\Github Projects\Unofficial_RA_DATs\CHD Converter\SNK Neo Geo CD\Puzzle Bobble ~ Bust-A-Move (Japan) (En,Ja).chd" Backup="E:\Github Projects\Unofficial_RA_DATs\CHD Converter\SNK Neo Geo CD\Puzzle Bobble ~ Bust-A-Move (Japan) (En,Ja).backup_22721.chd"
[STD OK] "E:\Github Projects\Unofficial_RA_DATs\CHD Converter\SNK Neo Geo CD\Puzzle Bobble ~ Bust-A-Move (Japan) (En,Ja).chd" Backup="E:\Github Projects\Unofficial_RA_DATs\CHD Converter\SNK Neo Geo CD\Puzzle Bobble ~ Bust-A-Move (Japan) (En,Ja).backup_22721.chd"
[STD CONVERT] Type=CD Input="E:\Github Projects\Unofficial_RA_DATs\CHD Converter\SNK Neo Geo CD\Rally Chase (Japan) (En,Ja).chd" Backup="E:\Github Projects\Unofficial_RA_DATs\CHD Converter\SNK Neo Geo CD\Rally Chase (Japan) (En,Ja).backup_1316.chd"
[STD OK] "E:\Github Projects\Unofficial_RA_DATs\CHD Converter\SNK Neo Geo CD\Rally Chase (Japan) (En,Ja).chd" Backup="E:\Github Projects\Unofficial_RA_DATs\CHD Converter\SNK Neo Geo CD\Rally Chase (Japan) (En,Ja).backup_1316.chd"
[STD CONVERT] Type=CD Input="E:\Github Projects\Unofficial_RA_DATs\CHD Converter\SNK Neo Geo CD\RB2 - The Newcomers - Real Bout Garou Densetsu 2 ~ RB2 - The Newcomers - Real Bout Fatal Fury 2 (Japan) (En,Ja).chd" Backup="E:\Github Projects\Unofficial_RA_DATs\CHD Converter\SNK Neo Geo CD\RB2 - The Newcomers - Real Bout Garou Densetsu 2 ~ RB2 - The Newcomers - Real Bout Fatal Fury 2 (Japan) (En,Ja).backup_25249.chd"
[STD OK] "E:\Github Projects\Unofficial_RA_DATs\CHD Converter\SNK Neo Geo CD\RB2 - The Newcomers - Real Bout Garou Densetsu 2 ~ RB2 - The Newcomers - Real Bout Fatal Fury 2 (Japan) (En,Ja).chd" Backup="E:\Github Projects\Unofficial_RA_DATs\CHD Converter\SNK Neo Geo CD\RB2 - The Newcomers - Real Bout Garou Densetsu 2 ~ RB2 - The Newcomers - Real Bout Fatal Fury 2 (Japan) (En,Ja).backup_25249.chd"
[STD CONVERT] Type=CD Input="E:\Github Projects\Unofficial_RA_DATs\CHD Converter\SNK Neo Geo CD\Shinobi (World) (v1.0) (Aftermarket) (Hoffman).chd" Backup="E:\Github Projects\Unofficial_RA_DATs\CHD Converter\SNK Neo Geo CD\Shinobi (World) (v1.0) (Aftermarket) (Hoffman).backup_27235.chd"
[STD OK] "E:\Github Projects\Unofficial_RA_DATs\CHD Converter\SNK Neo Geo CD\Shinobi (World) (v1.0) (Aftermarket) (Hoffman).chd" Backup="E:\Github Projects\Unofficial_RA_DATs\CHD Converter\SNK Neo Geo CD\Shinobi (World) (v1.0) (Aftermarket) (Hoffman).backup_27235.chd"
[STD CONVERT] Type=CD Input="E:\Github Projects\Unofficial_RA_DATs\CHD Converter\SNK Neo Geo CD\Shinobi (World) (v1.1) (Aftermarket) (Hoffman).chd" Backup="E:\Github Projects\Unofficial_RA_DATs\CHD Converter\SNK Neo Geo CD\Shinobi (World) (v1.1) (Aftermarket) (Hoffman).backup_13471.chd"
[STD OK] "E:\Github Projects\Unofficial_RA_DATs\CHD Converter\SNK Neo Geo CD\Shinobi (World) (v1.1) (Aftermarket) (Hoffman).chd" Backup="E:\Github Projects\Unofficial_RA_DATs\CHD Converter\SNK Neo Geo CD\Shinobi (World) (v1.1) (Aftermarket) (Hoffman).backup_13471.chd"
[STD CONVERT] Type=CD Input="E:\Github Projects\Unofficial_RA_DATs\CHD Converter\SNK Neo Geo CD\Shougi no Tatsujin - Master of Syougi (Japan).chd" Backup="E:\Github Projects\Unofficial_RA_DATs\CHD Converter\SNK Neo Geo CD\Shougi no Tatsujin - Master of Syougi (Japan).backup_14230.chd"
[STD OK] "E:\Github Projects\Unofficial_RA_DATs\CHD Converter\SNK Neo Geo CD\Shougi no Tatsujin - Master of Syougi (Japan).chd" Backup="E:\Github Projects\Unofficial_RA_DATs\CHD Converter\SNK Neo Geo CD\Shougi no Tatsujin - Master of Syougi (Japan).backup_14230.chd"
[STD CONVERT] Type=CD Input="E:\Github Projects\Unofficial_RA_DATs\CHD Converter\SNK Neo Geo CD\Sonic Wings 2 ~ Aero Fighters 2 (World) (En,Ja).chd" Backup="E:\Github Projects\Unofficial_RA_DATs\CHD Converter\SNK Neo Geo CD\Sonic Wings 2 ~ Aero Fighters 2 (World) (En,Ja).backup_6943.chd"
[STD OK] "E:\Github Projects\Unofficial_RA_DATs\CHD Converter\SNK Neo Geo CD\Sonic Wings 2 ~ Aero Fighters 2 (World) (En,Ja).chd" Backup="E:\Github Projects\Unofficial_RA_DATs\CHD Converter\SNK Neo Geo CD\Sonic Wings 2 ~ Aero Fighters 2 (World) (En,Ja).backup_6943.chd"
[STD CONVERT] Type=CD Input="E:\Github Projects\Unofficial_RA_DATs\CHD Converter\SNK Neo Geo CD\Super Sidekicks 3 - The Next Glory (Exclusive Subset - Post '98 Champions).chd" Backup="E:\Github Projects\Unofficial_RA_DATs\CHD Converter\SNK Neo Geo CD\Super Sidekicks 3 - The Next Glory (Exclusive Subset - Post '98 Champions).backup_8640.chd"
[STD OK] "E:\Github Projects\Unofficial_RA_DATs\CHD Converter\SNK Neo Geo CD\Super Sidekicks 3 - The Next Glory (Exclusive Subset - Post '98 Champions).chd" Backup="E:\Github Projects\Unofficial_RA_DATs\CHD Converter\SNK Neo Geo CD\Super Sidekicks 3 - The Next Glory (Exclusive Subset - Post '98 Champions).backup_8640.chd"
[STD CONVERT] Type=CD Input="E:\Github Projects\Unofficial_RA_DATs\CHD Converter\SNK Neo Geo CD\Tokuten-ou 3 - Eikou e no Chousen ~ Super Sidekicks 3 - The Next Glory (World) (En,Ja,Fr,Es,It,Pt).chd" Backup="E:\Github Projects\Unofficial_RA_DATs\CHD Converter\SNK Neo Geo CD\Tokuten-ou 3 - Eikou e no Chousen ~ Super Sidekicks 3 - The Next Glory (World) (En,Ja,Fr,Es,It,Pt).backup_7095.chd"
[STD OK] "E:\Github Projects\Unofficial_RA_DATs\CHD Converter\SNK Neo Geo CD\Tokuten-ou 3 - Eikou e no Chousen ~ Super Sidekicks 3 - The Next Glory (World) (En,Ja,Fr,Es,It,Pt).chd" Backup="E:\Github Projects\Unofficial_RA_DATs\CHD Converter\SNK Neo Geo CD\Tokuten-ou 3 - Eikou e no Chousen ~ Super Sidekicks 3 - The Next Glory (World) (En,Ja,Fr,Es,It,Pt).backup_7095.chd"
[STD CONVERT] Type=CD Input="E:\Github Projects\Unofficial_RA_DATs\CHD Converter\SNK Neo Geo CD\Top Hunter - Roddy & Cathy (Japan) (En,Ja).chd" Backup="E:\Github Projects\Unofficial_RA_DATs\CHD Converter\SNK Neo Geo CD\Top Hunter - Roddy & Cathy (Japan) (En,Ja).backup_4336.chd"
[STD OK] "E:\Github Projects\Unofficial_RA_DATs\CHD Converter\SNK Neo Geo CD\Top Hunter - Roddy & Cathy (Japan) (En,Ja).chd" Backup="E:\Github Projects\Unofficial_RA_DATs\CHD Converter\SNK Neo Geo CD\Top Hunter - Roddy & Cathy (Japan) (En,Ja).backup_4336.chd"
[STD CONVERT] Type=CD Input="E:\Github Projects\Unofficial_RA_DATs\CHD Converter\SNK Neo Geo CD\Top Player's Golf (Japan) (En,Ja).chd" Backup="E:\Github Projects\Unofficial_RA_DATs\CHD Converter\SNK Neo Geo CD\Top Player's Golf (Japan) (En,Ja).backup_31523.chd"
[STD OK] "E:\Github Projects\Unofficial_RA_DATs\CHD Converter\SNK Neo Geo CD\Top Player's Golf (Japan) (En,Ja).chd" Backup="E:\Github Projects\Unofficial_RA_DATs\CHD Converter\SNK Neo Geo CD\Top Player's Golf (Japan) (En,Ja).backup_31523.chd"
[STD CONVERT] Type=CD Input="E:\Github Projects\Unofficial_RA_DATs\CHD Converter\SNK Neo Geo CD\Treasure of the Caribbean (France) (En,Ja) (Unl).chd" Backup="E:\Github Projects\Unofficial_RA_DATs\CHD Converter\SNK Neo Geo CD\Treasure of the Caribbean (France) (En,Ja) (Unl).backup_27059.chd"
[STD OK] "E:\Github Projects\Unofficial_RA_DATs\CHD Converter\SNK Neo Geo CD\Treasure of the Caribbean (France) (En,Ja) (Unl).chd" Backup="E:\Github Projects\Unofficial_RA_DATs\CHD Converter\SNK Neo Geo CD\Treasure of the Caribbean (France) (En,Ja) (Unl).backup_27059.chd"
[STD CONVERT] Type=CD Input="E:\Github Projects\Unofficial_RA_DATs\CHD Converter\SNK Neo Geo CD\Twinkle Star Sprites (Japan) (En,Ja).chd" Backup="E:\Github Projects\Unofficial_RA_DATs\CHD Converter\SNK Neo Geo CD\Twinkle Star Sprites (Japan) (En,Ja).backup_26932.chd"
[STD OK] "E:\Github Projects\Unofficial_RA_DATs\CHD Converter\SNK Neo Geo CD\Twinkle Star Sprites (Japan) (En,Ja).chd" Backup="E:\Github Projects\Unofficial_RA_DATs\CHD Converter\SNK Neo Geo CD\Twinkle Star Sprites (Japan) (En,Ja).backup_26932.chd"
[STD CONVERT] Type=CD Input="E:\Github Projects\Unofficial_RA_DATs\CHD Converter\SNK Neo Geo CD\World Heroes Perfect (Export) (En,Ja) (Rev 1).chd" Backup="E:\Github Projects\Unofficial_RA_DATs\CHD Converter\SNK Neo Geo CD\World Heroes Perfect (Export) (En,Ja) (Rev 1).backup_9170.chd"
[STD OK] "E:\Github Projects\Unofficial_RA_DATs\CHD Converter\SNK Neo Geo CD\World Heroes Perfect (Export) (En,Ja) (Rev 1).chd" Backup="E:\Github Projects\Unofficial_RA_DATs\CHD Converter\SNK Neo Geo CD\World Heroes Perfect (Export) (En,Ja) (Rev 1).backup_9170.chd"
[STD CONVERT] Type=CD Input="E:\Github Projects\Unofficial_RA_DATs\CHD Converter\SNK Neo Geo CD\Xeno Crisis (World) (Unl).chd" Backup="E:\Github Projects\Unofficial_RA_DATs\CHD Converter\SNK Neo Geo CD\Xeno Crisis (World) (Unl).backup_27662.chd"
[STD OK] "E:\Github Projects\Unofficial_RA_DATs\CHD Converter\SNK Neo Geo CD\Xeno Crisis (World) (Unl).chd" Backup="E:\Github Projects\Unofficial_RA_DATs\CHD Converter\SNK Neo Geo CD\Xeno Crisis (World) (Unl).backup_27662.chd"

============================================================
CHD check started: 2026/09/28 21:26:55,75
============================================================
[CHECK] 3DO Interactive Multiplayer Expected=CD/STANDARD
[CHECK] NEC PC-FX Expected=CD/STANDARD
[CHECK] NEC TurboGrafx-CD Expected=CD/STANDARD
[CHECK] Sega CD Expected=CD/ZSTD
[CHECK] Sega Dreamcast Expected=CD/ZSTD
[CHECK] Sega Saturn Expected=CD/ZSTD
[CHECK] SNK Neo Geo CD Expected=CD/STANDARD
[CHECK] Sony PlayStation Expected=CD/ZSTD
[CHECK] Sony PlayStation 2 Expected=ANY/ZSTD
[CHECK] Sony PlayStation Portable Expected=DVD/ZSTD

CHD check finished: 2026/09/28 21:26:55,90
